// Jest Snapshot v1, https://goo.gl/fbAQLP

exports[`Layout component Match snapshot 1`] = `
<div
  className="sc-bwzfXH dbiuev sc-bdVaJa iHZvIS"
>
  <div
    className="sc-bdVaJa iHZvIS"
  >
    <div
      className="css-qydcuo-wrapper"
    >
      <div
        className="css-15zzetn-style"
      />
      <div
        className="css-fvcvnq-style"
      />
    </div>
  </div>
</div>
`;
