// Jest Snapshot v1, https://goo.gl/fbAQLP

exports[`Layout component Match snapshot 1`] = `
<Flex
  alignItems="center"
  extend={
    Object {
      "$$typeof": Symbol(react.forward_ref),
      "_foldedDefaultProps": Object {},
      "attrs": Array [],
      "componentStyle": ComponentStyle {
        "baseHash": 400283751,
        "componentId": "sc-AxjAm",
        "isStatic": false,
        "rules": Array [
          "box-sizing: border-box;",
          [Function],
          [Function],
          [Function],
          [Function],
          [Function],
          [Function],
          [Function],
          [Function],
        ],
        "staticRulesId": "",
      },
      "displayName": "Box",
      "foldedComponentIds": Array [],
      "propTypes": Object {
        "alignSelf": [Function],
        "bg": [Function],
        "color": [Function],
        "flex": [Function],
        "fontSize": [Function],
        "m": [Function],
        "mb": [Function],
        "ml": [Function],
        "mr": [Function],
        "mt": [Function],
        "mx": [Function],
        "my": [Function],
        "order": [Function],
        "p": [Function],
        "pb": [Function],
        "pl": [Function],
        "pr": [Function],
        "pt": [Function],
        "px": [Function],
        "py": [Function],
        "width": [Function],
      },
      "render": [Function],
      "shouldForwardProp": undefined,
      "styledComponentId": "sc-AxjAm",
      "systemComponent": true,
      "target": Object {
        "$$typeof": Symbol(react.forward_ref),
        "render": [Function],
      },
      "toString": [Function],
      "warnTooManyClasses": [Function],
      "withComponent": [Function],
    }
  }
  justifyContent="center"
>
  <Box>
    <Loader
      className="loading"
      color="#6173fb"
      css=""
      height={8}
      loading={true}
      sizeUnit="%"
      width={80}
    />
  </Box>
</Flex>
`;
