// Jest Snapshot v1, https://goo.gl/fbAQLP

exports[`Layout component Match snapshot 1`] = `
<Badge
  bg="blue"
  borderRadius={2}
  color="white"
  fontSize={0}
  fontWeight="bold"
  key="AA1-0"
  mx={1}
  px={2}
  py={1}
>
  AA1
</Badge>
`;

exports[`Layout component Renders correctly without ratings 1`] = `null`;
