// Jest Snapshot v1, https://goo.gl/fbAQLP

exports[`Layout component Match snapshot 1`] = `
<Box
  mt={2}
  p={2}
  width="100%"
>
  <Badge
    bg="blue"
    borderRadius={2}
    color="white"
    fontSize={0}
    fontWeight="bold"
    mx="1rem"
    px={2}
    py={1}
  >
    AA1
  </Badge>
  <Containerstyles__BaseText
    m={0}
    mt={0}
  >
    <Coursestyles__Strong>
      course:hole-count
    </Coursestyles__Strong>
    18
  </Containerstyles__BaseText>
  <Containerstyles__BaseText
    m={0}
  >
    <Coursestyles__Strong>
      course:course-par
    </Coursestyles__Strong>
    57
  </Containerstyles__BaseText>
  <Containerstyles__BaseText
    m={0}
  >
    <Coursestyles__Strong>
      course:course-holes
    </Coursestyles__Strong>
  </Containerstyles__BaseText>
  <Containerstyles__OL>
    <Containerstyles__LI
      key="3-0"
    >
      <Flex
        extend={
          Object {
            "$$typeof": Symbol(react.forward_ref),
            "_foldedDefaultProps": Object {},
            "attrs": Array [],
            "componentStyle": ComponentStyle {
              "componentId": "sc-bdVaJa",
              "isStatic": false,
              "rules": Array [
                "box-sizing: border-box;",
                [Function],
                [Function],
                [Function],
                [Function],
                [Function],
                [Function],
                [Function],
                [Function],
              ],
            },
            "displayName": "Box",
            "foldedComponentIds": Array [],
            "propTypes": Object {
              "alignSelf": [Function],
              "bg": [Function],
              "color": [Function],
              "flex": [Function],
              "fontSize": [Function],
              "m": [Function],
              "mb": [Function],
              "ml": [Function],
              "mr": [Function],
              "mt": [Function],
              "mx": [Function],
              "my": [Function],
              "order": [Function],
              "p": [Function],
              "pb": [Function],
              "pl": [Function],
              "pr": [Function],
              "pt": [Function],
              "px": [Function],
              "py": [Function],
              "width": [Function],
            },
            "render": [Function],
            "styledComponentId": "sc-bdVaJa",
            "systemComponent": true,
            "target": Object {
              "$$typeof": Symbol(react.forward_ref),
              "render": [Function],
            },
            "toString": [Function],
            "warnTooManyClasses": [Function],
            "withComponent": [Function],
          }
        }
      >
        <Box
          width="70px"
        >
          <Containerstyles__BaseText
            m={0}
          >
            <Coursestyles__Strong>
              course:par
            </Coursestyles__Strong>
             3
          </Containerstyles__BaseText>
        </Box>
        <Box
          width="140px"
        >
          <Containerstyles__BaseText
            m={0}
          >
            <Coursestyles__Strong>
              course:length
            </Coursestyles__Strong>
             132m
          </Containerstyles__BaseText>
        </Box>
      </Flex>
    </Containerstyles__LI>
    <Containerstyles__LI
      key="3-1"
    >
      <Flex
        extend={
          Object {
            "$$typeof": Symbol(react.forward_ref),
            "_foldedDefaultProps": Object {},
            "attrs": Array [],
            "componentStyle": ComponentStyle {
              "componentId": "sc-bdVaJa",
              "isStatic": false,
              "rules": Array [
                "box-sizing: border-box;",
                [Function],
                [Function],
                [Function],
                [Function],
                [Function],
                [Function],
                [Function],
                [Function],
              ],
            },
            "displayName": "Box",
            "foldedComponentIds": Array [],
            "propTypes": Object {
              "alignSelf": [Function],
              "bg": [Function],
              "color": [Function],
              "flex": [Function],
              "fontSize": [Function],
              "m": [Function],
              "mb": [Function],
              "ml": [Function],
              "mr": [Function],
              "mt": [Function],
              "mx": [Function],
              "my": [Function],
              "order": [Function],
              "p": [Function],
              "pb": [Function],
              "pl": [Function],
              "pr": [Function],
              "pt": [Function],
              "px": [Function],
              "py": [Function],
              "width": [Function],
            },
            "render": [Function],
            "styledComponentId": "sc-bdVaJa",
            "systemComponent": true,
            "target": Object {
              "$$typeof": Symbol(react.forward_ref),
              "render": [Function],
            },
            "toString": [Function],
            "warnTooManyClasses": [Function],
            "withComponent": [Function],
          }
        }
      >
        <Box
          width="70px"
        >
          <Containerstyles__BaseText
            m={0}
          >
            <Coursestyles__Strong>
              course:par
            </Coursestyles__Strong>
             3
          </Containerstyles__BaseText>
        </Box>
        <Box
          width="140px"
        >
          <Containerstyles__BaseText
            m={0}
          >
            <Coursestyles__Strong>
              course:length
            </Coursestyles__Strong>
             56m
          </Containerstyles__BaseText>
        </Box>
      </Flex>
    </Containerstyles__LI>
    <Containerstyles__LI
      key="4-2"
    >
      <Flex
        extend={
          Object {
            "$$typeof": Symbol(react.forward_ref),
            "_foldedDefaultProps": Object {},
            "attrs": Array [],
            "componentStyle": ComponentStyle {
              "componentId": "sc-bdVaJa",
              "isStatic": false,
              "rules": Array [
                "box-sizing: border-box;",
                [Function],
                [Function],
                [Function],
                [Function],
                [Function],
                [Function],
                [Function],
                [Function],
              ],
            },
            "displayName": "Box",
            "foldedComponentIds": Array [],
            "propTypes": Object {
              "alignSelf": [Function],
              "bg": [Function],
              "color": [Function],
              "flex": [Function],
              "fontSize": [Function],
              "m": [Function],
              "mb": [Function],
              "ml": [Function],
              "mr": [Function],
              "mt": [Function],
              "mx": [Function],
              "my": [Function],
              "order": [Function],
              "p": [Function],
              "pb": [Function],
              "pl": [Function],
              "pr": [Function],
              "pt": [Function],
              "px": [Function],
              "py": [Function],
              "width": [Function],
            },
            "render": [Function],
            "styledComponentId": "sc-bdVaJa",
            "systemComponent": true,
            "target": Object {
              "$$typeof": Symbol(react.forward_ref),
              "render": [Function],
            },
            "toString": [Function],
            "warnTooManyClasses": [Function],
            "withComponent": [Function],
          }
        }
      >
        <Box
          width="70px"
        >
          <Containerstyles__BaseText
            m={0}
          >
            <Coursestyles__Strong>
              course:par
            </Coursestyles__Strong>
             4
          </Containerstyles__BaseText>
        </Box>
        <Box
          width="140px"
        >
          <Containerstyles__BaseText
            m={0}
          >
            <Coursestyles__Strong>
              course:length
            </Coursestyles__Strong>
             180m
          </Containerstyles__BaseText>
        </Box>
      </Flex>
    </Containerstyles__LI>
    <Containerstyles__LI
      key="3-3"
    >
      <Flex
        extend={
          Object {
            "$$typeof": Symbol(react.forward_ref),
            "_foldedDefaultProps": Object {},
            "attrs": Array [],
            "componentStyle": ComponentStyle {
              "componentId": "sc-bdVaJa",
              "isStatic": false,
              "rules": Array [
                "box-sizing: border-box;",
                [Function],
                [Function],
                [Function],
                [Function],
                [Function],
                [Function],
                [Function],
                [Function],
              ],
            },
            "displayName": "Box",
            "foldedComponentIds": Array [],
            "propTypes": Object {
              "alignSelf": [Function],
              "bg": [Function],
              "color": [Function],
              "flex": [Function],
              "fontSize": [Function],
              "m": [Function],
              "mb": [Function],
              "ml": [Function],
              "mr": [Function],
              "mt": [Function],
              "mx": [Function],
              "my": [Function],
              "order": [Function],
              "p": [Function],
              "pb": [Function],
              "pl": [Function],
              "pr": [Function],
              "pt": [Function],
              "px": [Function],
              "py": [Function],
              "width": [Function],
            },
            "render": [Function],
            "styledComponentId": "sc-bdVaJa",
            "systemComponent": true,
            "target": Object {
              "$$typeof": Symbol(react.forward_ref),
              "render": [Function],
            },
            "toString": [Function],
            "warnTooManyClasses": [Function],
            "withComponent": [Function],
          }
        }
      >
        <Box
          width="70px"
        >
          <Containerstyles__BaseText
            m={0}
          >
            <Coursestyles__Strong>
              course:par
            </Coursestyles__Strong>
             3
          </Containerstyles__BaseText>
        </Box>
        <Box
          width="140px"
        >
          <Containerstyles__BaseText
            m={0}
          >
            <Coursestyles__Strong>
              course:length
            </Coursestyles__Strong>
             74m
          </Containerstyles__BaseText>
        </Box>
      </Flex>
    </Containerstyles__LI>
    <Containerstyles__LI
      key="4-4"
    >
      <Flex
        extend={
          Object {
            "$$typeof": Symbol(react.forward_ref),
            "_foldedDefaultProps": Object {},
            "attrs": Array [],
            "componentStyle": ComponentStyle {
              "componentId": "sc-bdVaJa",
              "isStatic": false,
              "rules": Array [
                "box-sizing: border-box;",
                [Function],
                [Function],
                [Function],
                [Function],
                [Function],
                [Function],
                [Function],
                [Function],
              ],
            },
            "displayName": "Box",
            "foldedComponentIds": Array [],
            "propTypes": Object {
              "alignSelf": [Function],
              "bg": [Function],
              "color": [Function],
              "flex": [Function],
              "fontSize": [Function],
              "m": [Function],
              "mb": [Function],
              "ml": [Function],
              "mr": [Function],
              "mt": [Function],
              "mx": [Function],
              "my": [Function],
              "order": [Function],
              "p": [Function],
              "pb": [Function],
              "pl": [Function],
              "pr": [Function],
              "pt": [Function],
              "px": [Function],
              "py": [Function],
              "width": [Function],
            },
            "render": [Function],
            "styledComponentId": "sc-bdVaJa",
            "systemComponent": true,
            "target": Object {
              "$$typeof": Symbol(react.forward_ref),
              "render": [Function],
            },
            "toString": [Function],
            "warnTooManyClasses": [Function],
            "withComponent": [Function],
          }
        }
      >
        <Box
          width="70px"
        >
          <Containerstyles__BaseText
            m={0}
          >
            <Coursestyles__Strong>
              course:par
            </Coursestyles__Strong>
             4
          </Containerstyles__BaseText>
        </Box>
        <Box
          width="140px"
        >
          <Containerstyles__BaseText
            m={0}
          >
            <Coursestyles__Strong>
              course:length
            </Coursestyles__Strong>
             162m
          </Containerstyles__BaseText>
        </Box>
      </Flex>
    </Containerstyles__LI>
    <Containerstyles__LI
      key="3-5"
    >
      <Flex
        extend={
          Object {
            "$$typeof": Symbol(react.forward_ref),
            "_foldedDefaultProps": Object {},
            "attrs": Array [],
            "componentStyle": ComponentStyle {
              "componentId": "sc-bdVaJa",
              "isStatic": false,
              "rules": Array [
                "box-sizing: border-box;",
                [Function],
                [Function],
                [Function],
                [Function],
                [Function],
                [Function],
                [Function],
                [Function],
              ],
            },
            "displayName": "Box",
            "foldedComponentIds": Array [],
            "propTypes": Object {
              "alignSelf": [Function],
              "bg": [Function],
              "color": [Function],
              "flex": [Function],
              "fontSize": [Function],
              "m": [Function],
              "mb": [Function],
              "ml": [Function],
              "mr": [Function],
              "mt": [Function],
              "mx": [Function],
              "my": [Function],
              "order": [Function],
              "p": [Function],
              "pb": [Function],
              "pl": [Function],
              "pr": [Function],
              "pt": [Function],
              "px": [Function],
              "py": [Function],
              "width": [Function],
            },
            "render": [Function],
            "styledComponentId": "sc-bdVaJa",
            "systemComponent": true,
            "target": Object {
              "$$typeof": Symbol(react.forward_ref),
              "render": [Function],
            },
            "toString": [Function],
            "warnTooManyClasses": [Function],
            "withComponent": [Function],
          }
        }
      >
        <Box
          width="70px"
        >
          <Containerstyles__BaseText
            m={0}
          >
            <Coursestyles__Strong>
              course:par
            </Coursestyles__Strong>
             3
          </Containerstyles__BaseText>
        </Box>
        <Box
          width="140px"
        >
          <Containerstyles__BaseText
            m={0}
          >
            <Coursestyles__Strong>
              course:length
            </Coursestyles__Strong>
             84m
          </Containerstyles__BaseText>
        </Box>
      </Flex>
    </Containerstyles__LI>
    <Containerstyles__LI
      key="3-6"
    >
      <Flex
        extend={
          Object {
            "$$typeof": Symbol(react.forward_ref),
            "_foldedDefaultProps": Object {},
            "attrs": Array [],
            "componentStyle": ComponentStyle {
              "componentId": "sc-bdVaJa",
              "isStatic": false,
              "rules": Array [
                "box-sizing: border-box;",
                [Function],
                [Function],
                [Function],
                [Function],
                [Function],
                [Function],
                [Function],
                [Function],
              ],
            },
            "displayName": "Box",
            "foldedComponentIds": Array [],
            "propTypes": Object {
              "alignSelf": [Function],
              "bg": [Function],
              "color": [Function],
              "flex": [Function],
              "fontSize": [Function],
              "m": [Function],
              "mb": [Function],
              "ml": [Function],
              "mr": [Function],
              "mt": [Function],
              "mx": [Function],
              "my": [Function],
              "order": [Function],
              "p": [Function],
              "pb": [Function],
              "pl": [Function],
              "pr": [Function],
              "pt": [Function],
              "px": [Function],
              "py": [Function],
              "width": [Function],
            },
            "render": [Function],
            "styledComponentId": "sc-bdVaJa",
            "systemComponent": true,
            "target": Object {
              "$$typeof": Symbol(react.forward_ref),
              "render": [Function],
            },
            "toString": [Function],
            "warnTooManyClasses": [Function],
            "withComponent": [Function],
          }
        }
      >
        <Box
          width="70px"
        >
          <Containerstyles__BaseText
            m={0}
          >
            <Coursestyles__Strong>
              course:par
            </Coursestyles__Strong>
             3
          </Containerstyles__BaseText>
        </Box>
        <Box
          width="140px"
        >
          <Containerstyles__BaseText
            m={0}
          >
            <Coursestyles__Strong>
              course:length
            </Coursestyles__Strong>
             94m
          </Containerstyles__BaseText>
        </Box>
      </Flex>
    </Containerstyles__LI>
    <Containerstyles__LI
      key="3-7"
    >
      <Flex
        extend={
          Object {
            "$$typeof": Symbol(react.forward_ref),
            "_foldedDefaultProps": Object {},
            "attrs": Array [],
            "componentStyle": ComponentStyle {
              "componentId": "sc-bdVaJa",
              "isStatic": false,
              "rules": Array [
                "box-sizing: border-box;",
                [Function],
                [Function],
                [Function],
                [Function],
                [Function],
                [Function],
                [Function],
                [Function],
              ],
            },
            "displayName": "Box",
            "foldedComponentIds": Array [],
            "propTypes": Object {
              "alignSelf": [Function],
              "bg": [Function],
              "color": [Function],
              "flex": [Function],
              "fontSize": [Function],
              "m": [Function],
              "mb": [Function],
              "ml": [Function],
              "mr": [Function],
              "mt": [Function],
              "mx": [Function],
              "my": [Function],
              "order": [Function],
              "p": [Function],
              "pb": [Function],
              "pl": [Function],
              "pr": [Function],
              "pt": [Function],
              "px": [Function],
              "py": [Function],
              "width": [Function],
            },
            "render": [Function],
            "styledComponentId": "sc-bdVaJa",
            "systemComponent": true,
            "target": Object {
              "$$typeof": Symbol(react.forward_ref),
              "render": [Function],
            },
            "toString": [Function],
            "warnTooManyClasses": [Function],
            "withComponent": [Function],
          }
        }
      >
        <Box
          width="70px"
        >
          <Containerstyles__BaseText
            m={0}
          >
            <Coursestyles__Strong>
              course:par
            </Coursestyles__Strong>
             3
          </Containerstyles__BaseText>
        </Box>
        <Box
          width="140px"
        >
          <Containerstyles__BaseText
            m={0}
          >
            <Coursestyles__Strong>
              course:length
            </Coursestyles__Strong>
             90m
          </Containerstyles__BaseText>
        </Box>
      </Flex>
    </Containerstyles__LI>
    <Containerstyles__LI
      key="3-8"
    >
      <Flex
        extend={
          Object {
            "$$typeof": Symbol(react.forward_ref),
            "_foldedDefaultProps": Object {},
            "attrs": Array [],
            "componentStyle": ComponentStyle {
              "componentId": "sc-bdVaJa",
              "isStatic": false,
              "rules": Array [
                "box-sizing: border-box;",
                [Function],
                [Function],
                [Function],
                [Function],
                [Function],
                [Function],
                [Function],
                [Function],
              ],
            },
            "displayName": "Box",
            "foldedComponentIds": Array [],
            "propTypes": Object {
              "alignSelf": [Function],
              "bg": [Function],
              "color": [Function],
              "flex": [Function],
              "fontSize": [Function],
              "m": [Function],
              "mb": [Function],
              "ml": [Function],
              "mr": [Function],
              "mt": [Function],
              "mx": [Function],
              "my": [Function],
              "order": [Function],
              "p": [Function],
              "pb": [Function],
              "pl": [Function],
              "pr": [Function],
              "pt": [Function],
              "px": [Function],
              "py": [Function],
              "width": [Function],
            },
            "render": [Function],
            "styledComponentId": "sc-bdVaJa",
            "systemComponent": true,
            "target": Object {
              "$$typeof": Symbol(react.forward_ref),
              "render": [Function],
            },
            "toString": [Function],
            "warnTooManyClasses": [Function],
            "withComponent": [Function],
          }
        }
      >
        <Box
          width="70px"
        >
          <Containerstyles__BaseText
            m={0}
          >
            <Coursestyles__Strong>
              course:par
            </Coursestyles__Strong>
             3
          </Containerstyles__BaseText>
        </Box>
        <Box
          width="140px"
        >
          <Containerstyles__BaseText
            m={0}
          >
            <Coursestyles__Strong>
              course:length
            </Coursestyles__Strong>
             77m
          </Containerstyles__BaseText>
        </Box>
      </Flex>
    </Containerstyles__LI>
    <Containerstyles__LI
      key="3-9"
    >
      <Flex
        extend={
          Object {
            "$$typeof": Symbol(react.forward_ref),
            "_foldedDefaultProps": Object {},
            "attrs": Array [],
            "componentStyle": ComponentStyle {
              "componentId": "sc-bdVaJa",
              "isStatic": false,
              "rules": Array [
                "box-sizing: border-box;",
                [Function],
                [Function],
                [Function],
                [Function],
                [Function],
                [Function],
                [Function],
                [Function],
              ],
            },
            "displayName": "Box",
            "foldedComponentIds": Array [],
            "propTypes": Object {
              "alignSelf": [Function],
              "bg": [Function],
              "color": [Function],
              "flex": [Function],
              "fontSize": [Function],
              "m": [Function],
              "mb": [Function],
              "ml": [Function],
              "mr": [Function],
              "mt": [Function],
              "mx": [Function],
              "my": [Function],
              "order": [Function],
              "p": [Function],
              "pb": [Function],
              "pl": [Function],
              "pr": [Function],
              "pt": [Function],
              "px": [Function],
              "py": [Function],
              "width": [Function],
            },
            "render": [Function],
            "styledComponentId": "sc-bdVaJa",
            "systemComponent": true,
            "target": Object {
              "$$typeof": Symbol(react.forward_ref),
              "render": [Function],
            },
            "toString": [Function],
            "warnTooManyClasses": [Function],
            "withComponent": [Function],
          }
        }
      >
        <Box
          width="70px"
        >
          <Containerstyles__BaseText
            m={0}
          >
            <Coursestyles__Strong>
              course:par
            </Coursestyles__Strong>
             3
          </Containerstyles__BaseText>
        </Box>
        <Box
          width="140px"
        >
          <Containerstyles__BaseText
            m={0}
          >
            <Coursestyles__Strong>
              course:length
            </Coursestyles__Strong>
             120m
          </Containerstyles__BaseText>
        </Box>
      </Flex>
    </Containerstyles__LI>
    <Containerstyles__LI
      key="4-10"
    >
      <Flex
        extend={
          Object {
            "$$typeof": Symbol(react.forward_ref),
            "_foldedDefaultProps": Object {},
            "attrs": Array [],
            "componentStyle": ComponentStyle {
              "componentId": "sc-bdVaJa",
              "isStatic": false,
              "rules": Array [
                "box-sizing: border-box;",
                [Function],
                [Function],
                [Function],
                [Function],
                [Function],
                [Function],
                [Function],
                [Function],
              ],
            },
            "displayName": "Box",
            "foldedComponentIds": Array [],
            "propTypes": Object {
              "alignSelf": [Function],
              "bg": [Function],
              "color": [Function],
              "flex": [Function],
              "fontSize": [Function],
              "m": [Function],
              "mb": [Function],
              "ml": [Function],
              "mr": [Function],
              "mt": [Function],
              "mx": [Function],
              "my": [Function],
              "order": [Function],
              "p": [Function],
              "pb": [Function],
              "pl": [Function],
              "pr": [Function],
              "pt": [Function],
              "px": [Function],
              "py": [Function],
              "width": [Function],
            },
            "render": [Function],
            "styledComponentId": "sc-bdVaJa",
            "systemComponent": true,
            "target": Object {
              "$$typeof": Symbol(react.forward_ref),
              "render": [Function],
            },
            "toString": [Function],
            "warnTooManyClasses": [Function],
            "withComponent": [Function],
          }
        }
      >
        <Box
          width="70px"
        >
          <Containerstyles__BaseText
            m={0}
          >
            <Coursestyles__Strong>
              course:par
            </Coursestyles__Strong>
             4
          </Containerstyles__BaseText>
        </Box>
        <Box
          width="140px"
        >
          <Containerstyles__BaseText
            m={0}
          >
            <Coursestyles__Strong>
              course:length
            </Coursestyles__Strong>
             213m
          </Containerstyles__BaseText>
        </Box>
      </Flex>
    </Containerstyles__LI>
    <Containerstyles__LI
      key="3-11"
    >
      <Flex
        extend={
          Object {
            "$$typeof": Symbol(react.forward_ref),
            "_foldedDefaultProps": Object {},
            "attrs": Array [],
            "componentStyle": ComponentStyle {
              "componentId": "sc-bdVaJa",
              "isStatic": false,
              "rules": Array [
                "box-sizing: border-box;",
                [Function],
                [Function],
                [Function],
                [Function],
                [Function],
                [Function],
                [Function],
                [Function],
              ],
            },
            "displayName": "Box",
            "foldedComponentIds": Array [],
            "propTypes": Object {
              "alignSelf": [Function],
              "bg": [Function],
              "color": [Function],
              "flex": [Function],
              "fontSize": [Function],
              "m": [Function],
              "mb": [Function],
              "ml": [Function],
              "mr": [Function],
              "mt": [Function],
              "mx": [Function],
              "my": [Function],
              "order": [Function],
              "p": [Function],
              "pb": [Function],
              "pl": [Function],
              "pr": [Function],
              "pt": [Function],
              "px": [Function],
              "py": [Function],
              "width": [Function],
            },
            "render": [Function],
            "styledComponentId": "sc-bdVaJa",
            "systemComponent": true,
            "target": Object {
              "$$typeof": Symbol(react.forward_ref),
              "render": [Function],
            },
            "toString": [Function],
            "warnTooManyClasses": [Function],
            "withComponent": [Function],
          }
        }
      >
        <Box
          width="70px"
        >
          <Containerstyles__BaseText
            m={0}
          >
            <Coursestyles__Strong>
              course:par
            </Coursestyles__Strong>
             3
          </Containerstyles__BaseText>
        </Box>
        <Box
          width="140px"
        >
          <Containerstyles__BaseText
            m={0}
          >
            <Coursestyles__Strong>
              course:length
            </Coursestyles__Strong>
             95m
          </Containerstyles__BaseText>
        </Box>
      </Flex>
    </Containerstyles__LI>
    <Containerstyles__LI
      key="3-12"
    >
      <Flex
        extend={
          Object {
            "$$typeof": Symbol(react.forward_ref),
            "_foldedDefaultProps": Object {},
            "attrs": Array [],
            "componentStyle": ComponentStyle {
              "componentId": "sc-bdVaJa",
              "isStatic": false,
              "rules": Array [
                "box-sizing: border-box;",
                [Function],
                [Function],
                [Function],
                [Function],
                [Function],
                [Function],
                [Function],
                [Function],
              ],
            },
            "displayName": "Box",
            "foldedComponentIds": Array [],
            "propTypes": Object {
              "alignSelf": [Function],
              "bg": [Function],
              "color": [Function],
              "flex": [Function],
              "fontSize": [Function],
              "m": [Function],
              "mb": [Function],
              "ml": [Function],
              "mr": [Function],
              "mt": [Function],
              "mx": [Function],
              "my": [Function],
              "order": [Function],
              "p": [Function],
              "pb": [Function],
              "pl": [Function],
              "pr": [Function],
              "pt": [Function],
              "px": [Function],
              "py": [Function],
              "width": [Function],
            },
            "render": [Function],
            "styledComponentId": "sc-bdVaJa",
            "systemComponent": true,
            "target": Object {
              "$$typeof": Symbol(react.forward_ref),
              "render": [Function],
            },
            "toString": [Function],
            "warnTooManyClasses": [Function],
            "withComponent": [Function],
          }
        }
      >
        <Box
          width="70px"
        >
          <Containerstyles__BaseText
            m={0}
          >
            <Coursestyles__Strong>
              course:par
            </Coursestyles__Strong>
             3
          </Containerstyles__BaseText>
        </Box>
        <Box
          width="140px"
        >
          <Containerstyles__BaseText
            m={0}
          >
            <Coursestyles__Strong>
              course:length
            </Coursestyles__Strong>
             94m
          </Containerstyles__BaseText>
        </Box>
      </Flex>
    </Containerstyles__LI>
    <Containerstyles__LI
      key="3-13"
    >
      <Flex
        extend={
          Object {
            "$$typeof": Symbol(react.forward_ref),
            "_foldedDefaultProps": Object {},
            "attrs": Array [],
            "componentStyle": ComponentStyle {
              "componentId": "sc-bdVaJa",
              "isStatic": false,
              "rules": Array [
                "box-sizing: border-box;",
                [Function],
                [Function],
                [Function],
                [Function],
                [Function],
                [Function],
                [Function],
                [Function],
              ],
            },
            "displayName": "Box",
            "foldedComponentIds": Array [],
            "propTypes": Object {
              "alignSelf": [Function],
              "bg": [Function],
              "color": [Function],
              "flex": [Function],
              "fontSize": [Function],
              "m": [Function],
              "mb": [Function],
              "ml": [Function],
              "mr": [Function],
              "mt": [Function],
              "mx": [Function],
              "my": [Function],
              "order": [Function],
              "p": [Function],
              "pb": [Function],
              "pl": [Function],
              "pr": [Function],
              "pt": [Function],
              "px": [Function],
              "py": [Function],
              "width": [Function],
            },
            "render": [Function],
            "styledComponentId": "sc-bdVaJa",
            "systemComponent": true,
            "target": Object {
              "$$typeof": Symbol(react.forward_ref),
              "render": [Function],
            },
            "toString": [Function],
            "warnTooManyClasses": [Function],
            "withComponent": [Function],
          }
        }
      >
        <Box
          width="70px"
        >
          <Containerstyles__BaseText
            m={0}
          >
            <Coursestyles__Strong>
              course:par
            </Coursestyles__Strong>
             3
          </Containerstyles__BaseText>
        </Box>
        <Box
          width="140px"
        >
          <Containerstyles__BaseText
            m={0}
          >
            <Coursestyles__Strong>
              course:length
            </Coursestyles__Strong>
             123m
          </Containerstyles__BaseText>
        </Box>
      </Flex>
    </Containerstyles__LI>
    <Containerstyles__LI
      key="3-14"
    >
      <Flex
        extend={
          Object {
            "$$typeof": Symbol(react.forward_ref),
            "_foldedDefaultProps": Object {},
            "attrs": Array [],
            "componentStyle": ComponentStyle {
              "componentId": "sc-bdVaJa",
              "isStatic": false,
              "rules": Array [
                "box-sizing: border-box;",
                [Function],
                [Function],
                [Function],
                [Function],
                [Function],
                [Function],
                [Function],
                [Function],
              ],
            },
            "displayName": "Box",
            "foldedComponentIds": Array [],
            "propTypes": Object {
              "alignSelf": [Function],
              "bg": [Function],
              "color": [Function],
              "flex": [Function],
              "fontSize": [Function],
              "m": [Function],
              "mb": [Function],
              "ml": [Function],
              "mr": [Function],
              "mt": [Function],
              "mx": [Function],
              "my": [Function],
              "order": [Function],
              "p": [Function],
              "pb": [Function],
              "pl": [Function],
              "pr": [Function],
              "pt": [Function],
              "px": [Function],
              "py": [Function],
              "width": [Function],
            },
            "render": [Function],
            "styledComponentId": "sc-bdVaJa",
            "systemComponent": true,
            "target": Object {
              "$$typeof": Symbol(react.forward_ref),
              "render": [Function],
            },
            "toString": [Function],
            "warnTooManyClasses": [Function],
            "withComponent": [Function],
          }
        }
      >
        <Box
          width="70px"
        >
          <Containerstyles__BaseText
            m={0}
          >
            <Coursestyles__Strong>
              course:par
            </Coursestyles__Strong>
             3
          </Containerstyles__BaseText>
        </Box>
        <Box
          width="140px"
        >
          <Containerstyles__BaseText
            m={0}
          >
            <Coursestyles__Strong>
              course:length
            </Coursestyles__Strong>
             102m
          </Containerstyles__BaseText>
        </Box>
      </Flex>
    </Containerstyles__LI>
    <Containerstyles__LI
      key="3-15"
    >
      <Flex
        extend={
          Object {
            "$$typeof": Symbol(react.forward_ref),
            "_foldedDefaultProps": Object {},
            "attrs": Array [],
            "componentStyle": ComponentStyle {
              "componentId": "sc-bdVaJa",
              "isStatic": false,
              "rules": Array [
                "box-sizing: border-box;",
                [Function],
                [Function],
                [Function],
                [Function],
                [Function],
                [Function],
                [Function],
                [Function],
              ],
            },
            "displayName": "Box",
            "foldedComponentIds": Array [],
            "propTypes": Object {
              "alignSelf": [Function],
              "bg": [Function],
              "color": [Function],
              "flex": [Function],
              "fontSize": [Function],
              "m": [Function],
              "mb": [Function],
              "ml": [Function],
              "mr": [Function],
              "mt": [Function],
              "mx": [Function],
              "my": [Function],
              "order": [Function],
              "p": [Function],
              "pb": [Function],
              "pl": [Function],
              "pr": [Function],
              "pt": [Function],
              "px": [Function],
              "py": [Function],
              "width": [Function],
            },
            "render": [Function],
            "styledComponentId": "sc-bdVaJa",
            "systemComponent": true,
            "target": Object {
              "$$typeof": Symbol(react.forward_ref),
              "render": [Function],
            },
            "toString": [Function],
            "warnTooManyClasses": [Function],
            "withComponent": [Function],
          }
        }
      >
        <Box
          width="70px"
        >
          <Containerstyles__BaseText
            m={0}
          >
            <Coursestyles__Strong>
              course:par
            </Coursestyles__Strong>
             3
          </Containerstyles__BaseText>
        </Box>
        <Box
          width="140px"
        >
          <Containerstyles__BaseText
            m={0}
          >
            <Coursestyles__Strong>
              course:length
            </Coursestyles__Strong>
             100m
          </Containerstyles__BaseText>
        </Box>
      </Flex>
    </Containerstyles__LI>
    <Containerstyles__LI
      key="3-16"
    >
      <Flex
        extend={
          Object {
            "$$typeof": Symbol(react.forward_ref),
            "_foldedDefaultProps": Object {},
            "attrs": Array [],
            "componentStyle": ComponentStyle {
              "componentId": "sc-bdVaJa",
              "isStatic": false,
              "rules": Array [
                "box-sizing: border-box;",
                [Function],
                [Function],
                [Function],
                [Function],
                [Function],
                [Function],
                [Function],
                [Function],
              ],
            },
            "displayName": "Box",
            "foldedComponentIds": Array [],
            "propTypes": Object {
              "alignSelf": [Function],
              "bg": [Function],
              "color": [Function],
              "flex": [Function],
              "fontSize": [Function],
              "m": [Function],
              "mb": [Function],
              "ml": [Function],
              "mr": [Function],
              "mt": [Function],
              "mx": [Function],
              "my": [Function],
              "order": [Function],
              "p": [Function],
              "pb": [Function],
              "pl": [Function],
              "pr": [Function],
              "pt": [Function],
              "px": [Function],
              "py": [Function],
              "width": [Function],
            },
            "render": [Function],
            "styledComponentId": "sc-bdVaJa",
            "systemComponent": true,
            "target": Object {
              "$$typeof": Symbol(react.forward_ref),
              "render": [Function],
            },
            "toString": [Function],
            "warnTooManyClasses": [Function],
            "withComponent": [Function],
          }
        }
      >
        <Box
          width="70px"
        >
          <Containerstyles__BaseText
            m={0}
          >
            <Coursestyles__Strong>
              course:par
            </Coursestyles__Strong>
             3
          </Containerstyles__BaseText>
        </Box>
        <Box
          width="140px"
        >
          <Containerstyles__BaseText
            m={0}
          >
            <Coursestyles__Strong>
              course:length
            </Coursestyles__Strong>
             124m
          </Containerstyles__BaseText>
        </Box>
      </Flex>
    </Containerstyles__LI>
    <Containerstyles__LI
      key="3-17"
    >
      <Flex
        extend={
          Object {
            "$$typeof": Symbol(react.forward_ref),
            "_foldedDefaultProps": Object {},
            "attrs": Array [],
            "componentStyle": ComponentStyle {
              "componentId": "sc-bdVaJa",
              "isStatic": false,
              "rules": Array [
                "box-sizing: border-box;",
                [Function],
                [Function],
                [Function],
                [Function],
                [Function],
                [Function],
                [Function],
                [Function],
              ],
            },
            "displayName": "Box",
            "foldedComponentIds": Array [],
            "propTypes": Object {
              "alignSelf": [Function],
              "bg": [Function],
              "color": [Function],
              "flex": [Function],
              "fontSize": [Function],
              "m": [Function],
              "mb": [Function],
              "ml": [Function],
              "mr": [Function],
              "mt": [Function],
              "mx": [Function],
              "my": [Function],
              "order": [Function],
              "p": [Function],
              "pb": [Function],
              "pl": [Function],
              "pr": [Function],
              "pt": [Function],
              "px": [Function],
              "py": [Function],
              "width": [Function],
            },
            "render": [Function],
            "styledComponentId": "sc-bdVaJa",
            "systemComponent": true,
            "target": Object {
              "$$typeof": Symbol(react.forward_ref),
              "render": [Function],
            },
            "toString": [Function],
            "warnTooManyClasses": [Function],
            "withComponent": [Function],
          }
        }
      >
        <Box
          width="70px"
        >
          <Containerstyles__BaseText
            m={0}
          >
            <Coursestyles__Strong>
              course:par
            </Coursestyles__Strong>
             3
          </Containerstyles__BaseText>
        </Box>
        <Box
          width="140px"
        >
          <Containerstyles__BaseText
            m={0}
          >
            <Coursestyles__Strong>
              course:length
            </Coursestyles__Strong>
             99m
          </Containerstyles__BaseText>
        </Box>
      </Flex>
    </Containerstyles__LI>
  </Containerstyles__OL>
</Box>
`;

exports[`Layout component Renders correctly with active false 1`] = `""`;
