// Jest Snapshot v1, https://goo.gl/fbAQLP

exports[`<AdvancedSearch /> snapshots renders with default props 1`] = `
<AdvancedSearchstyles__Wrapper>
  <Box
    m="1rem auto"
    px="2rem"
    style={
      Object {
        "position": "relative",
      }
    }
    width={
      Array [
        1,
        1,
        1,
        0.7,
      ]
    }
  >
    <Connect(withI18nextTranslation(AdvancedSearchInputs)) />
    <Connect(Apollo(AdvancedSearchQuery))
      filter={Object {}}
    />
  </Box>
</AdvancedSearchstyles__Wrapper>
`;
