// Jest Snapshot v1, https://goo.gl/fbAQLP

exports[`Select component Match snapshot 1`] = `
<Provider
  store={
    Object {
      "clearActions": [Function],
      "dispatch": [Function],
      "getActions": [Function],
      "getState": [Function],
      "replaceReducer": [Function],
      "subscribe": [Function],
    }
  }
>
  <Connect(Select)
    filterName="filterName"
    label="label"
    onChange={[MockFunction]}
    options={
      Array [
        Object {
          "label": "Mäkinen, paljon korkeuseroja",
          "value": "Mäkinen, paljon korkeuseroja",
        },
        Object {
          "label": "Kumpuileva, jonkin verran korkeuseroja",
          "value": "Kumpuileva, jonkin verran korkeuseroja",
        },
        Object {
          "label": "Tasainen, vähän korkeuseroja",
          "value": "Tasainen, vähän korkeuseroja",
        },
        Object {
          "label": "Tasainen, ei korkeuseroja",
          "value": "Tasainen, ei korkeuseroja",
        },
      ]
    }
    placeholder="placeholder"
    setFilter={[MockFunction]}
  />
</Provider>
`;
