// Jest Snapshot v1, https://goo.gl/fbAQLP

exports[`Course component Match snapshot 1`] = `
<Provider
  store={
    Object {
      "clearActions": [Function],
      "dispatch": [Function],
      "getActions": [Function],
      "getState": [Function],
      "replaceReducer": [Function],
      "subscribe": [Function],
    }
  }
>
  <Connect(withI18nextTranslation(Course))
    setCourses={[MockFunction]}
    slug="ford-discgolfpark-tuusula"
    t={[MockFunction]}
  />
</Provider>
`;
